npx : [baseline-browser-mapping] The 
data in this module is over two months 
old.  To ensure accurate Baseline data, 
please update: `npm i 
baseline-browser-mapping@latest -D`
At line:1 char:1
+ npx next build > build_output.txt 
2>&1; Get-Content build_output.txt  ...
+ ~~~~~~~~~~~~~~~~~~~~~~~~~~~~~~~~~~~~~~
    + CategoryInfo          : NotSpecifi 
   ed: ([baseline-brows...ping@latest -  
  D`:String) [], RemoteException
    + FullyQualifiedErrorId : NativeComm 
   andError
 
   Γû▓ Next.js 16.0.0 (Turbopack)
   - Environments: .env

   Creating an optimized production build ...
[baseline-browser-mapping] The data in 
this module is over two months old.  To 
ensure accurate Baseline data, please 
update: `npm i 
baseline-browser-mapping@latest -D`
 Γ£ô Compiled successfully in 10.1s
   Running TypeScript ...
   Collecting page data ...
[baseline-browser-mapping] The data in 
this module is over two months old.  To 
ensure accurate Baseline data, please 
update: `npm i 
baseline-browser-mapping@latest -D`
[baseline-browser-mapping] The data in 
this module is over two months old.  To 
ensure accurate Baseline data, please 
update: `npm i 
baseline-browser-mapping@latest -D`
[baseline-browser-mapping] The data in 
this module is over two months old.  To 
ensure accurate Baseline data, please 
update: `npm i 
baseline-browser-mapping@latest -D`
[baseline-browser-mapping] The data in 
this module is over two months old.  To 
ensure accurate Baseline data, please 
update: `npm i 
baseline-browser-mapping@latest -D`
[baseline-browser-mapping] The data in 
this module is over two months old.  To 
ensure accurate Baseline data, please 
update: `npm i 
baseline-browser-mapping@latest -D`
[baseline-browser-mapping] The data in 
this module is over two months old.  To 
ensure accurate Baseline data, please 
update: `npm i 
baseline-browser-mapping@latest -D`
[baseline-browser-mapping] The data in 
this module is over two months old.  To 
ensure accurate Baseline data, please 
update: `npm i 
baseline-browser-mapping@latest -D`
[baseline-browser-mapping] The data in 
this module is over two months old.  To 
ensure accurate Baseline data, please 
update: `npm i 
baseline-browser-mapping@latest -D`
[baseline-browser-mapping] The data in 
this module is over two months old.  To 
ensure accurate Baseline data, please 
update: `npm i 
baseline-browser-mapping@latest -D`
   Generating static pages (0/8) ...
[baseline-browser-mapping] The data in 
this module is over two months old.  To 
ensure accurate Baseline data, please 
update: `npm i 
baseline-browser-mapping@latest -D`
   Generating static pages (2/8) 
   Generating static pages (4/8) 
   Generating static pages (6/8) 
 Γ£ô Generating static pages (8/8) in 1270.2ms
   Finalizing page optimization ...

Route (app)
Γöî Γùï /
Γö£ Γùï /_not-found
Γö£ ╞Æ /api/chat/sessions
Γö£ ╞Æ /api/chat/sessions/[id]/messages
Γö£ ╞Æ /api/papers
Γö£ ╞Æ /api/query
Γö£ ╞Æ /api/upload
Γöö ╞Æ /api/workspaces


Γùï  (Static)   prerendered as static content
╞Æ  (Dynamic)  server-rendered on demand

